Running: /opt/Xilinx/14.7/ISE_DS/ISE/bin/lin64/unwrapped/fuse -intstyle ise -incremental -lib secureip -o /home/ise/CSE_450_Xilinx/CSE450_M/tb_register_8bit_isim_beh.exe -prj /home/ise/CSE_450_Xilinx/CSE450_M/tb_register_8bit_beh.prj work.tb_register_8bit 
ISim P.20131013 (signature 0xfbc00daa)
Number of CPUs detected in this system: 1
Turning on mult-threading, number of parallel sub-compilation jobs: 0 
Determining compilation order of HDL files
Parsing VHDL file "/home/ise/CSE_450_Xilinx/CSE450_M/nand_gate.vhd" into library work
Parsing VHDL file "/home/ise/CSE_450_Xilinx/CSE450_M/sr_latch.vhd" into library work
Parsing VHDL file "/home/ise/CSE_450_Xilinx/CSE450_M/not_gate.vhd" into library work
Parsing VHDL file "/home/ise/CSE_450_Xilinx/CSE450_M/d_latch.vhd" into library work
Parsing VHDL file "/home/ise/CSE_450_Xilinx/CSE450_M/master_slave_ff.vhd" into library work
Parsing VHDL file "/home/ise/CSE_450_Xilinx/CSE450_M/register_1bit.vhd" into library work
Parsing VHDL file "/home/ise/CSE_450_Xilinx/CSE450_M/register_8bit.vhd" into library work
Parsing VHDL file "/home/ise/CSE_450_Xilinx/CSE450_M/register_8bit_tb.vhd" into library work
Starting static elaboration
Completed static elaboration
Fuse Memory Usage: 95596 KB
Fuse CPU Usage: 430 ms
Compiling package standard
Compiling package std_logic_1164
Compiling architecture behavioral of entity nand_gate [nand_gate_default]
Compiling architecture structural of entity not_gate [not_gate_default]
Compiling architecture structural of entity sr_latch [sr_latch_default]
Compiling architecture structural of entity d_latch [d_latch_default]
Compiling architecture structural of entity master_slave_ff [master_slave_ff_default]
Compiling architecture structural of entity register_1bit [register_1bit_default]
Compiling architecture structural of entity register_8bit [register_8bit_default]
Compiling architecture behavioral of entity tb_register_8bit
Time Resolution for simulation is 1ps.
Compiled 17 VHDL Units
Built simulation executable /home/ise/CSE_450_Xilinx/CSE450_M/tb_register_8bit_isim_beh.exe
Fuse Memory Usage: 104208 KB
Fuse CPU Usage: 480 ms
GCC CPU Usage: 250 ms
