Running: /opt/Xilinx/14.7/ISE_DS/ISE/bin/lin64/unwrapped/fuse -intstyle ise -incremental -lib secureip -o /home/ise/CSE_450_Xilinx/CSE450_M/mux8to1_tb_isim_beh.exe -prj /home/ise/CSE_450_Xilinx/CSE450_M/mux8to1_tb_beh.prj work.mux8to1_tb 
ISim P.20131013 (signature 0xfbc00daa)
Number of CPUs detected in this system: 1
Turning on mult-threading, number of parallel sub-compilation jobs: 0 
Determining compilation order of HDL files
Parsing VHDL file "/home/ise/CSE_450_Xilinx/CSE450_M/mux8to1.vhd" into library work
Parsing VHDL file "/home/ise/CSE_450_Xilinx/CSE450_M/mux8to1_tb.vhd" into library work
Starting static elaboration
Completed static elaboration
Fuse Memory Usage: 95308 KB
Fuse CPU Usage: 430 ms
Compiling package standard
Compiling package std_logic_1164
Compiling architecture dataflow of entity mux8to1 [mux8to1_default]
Compiling architecture sim of entity mux8to1_tb
Time Resolution for simulation is 1ps.
Compiled 5 VHDL Units
Built simulation executable /home/ise/CSE_450_Xilinx/CSE450_M/mux8to1_tb_isim_beh.exe
Fuse Memory Usage: 103948 KB
Fuse CPU Usage: 460 ms
GCC CPU Usage: 120 ms
